../Core/Src/main.c:71:5:_write	24	static
../Core/Src/main.c:76:6:HAL_GPIO_EXTI_Callback	16	static
../Core/Src/main.c:81:6:keypad_init	4	static
../Core/Src/main.c:96:9:keypad_handler	24	static
../Core/Src/main.c:169:5:main	16	static
../Core/Src/main.c:247:6:SystemClock_Config	96	static
../Core/Src/main.c:297:13:MX_I2C1_Init	8	static
../Core/Src/main.c:345:13:MX_USART2_UART_Init	8	static
../Core/Src/main.c:380:13:MX_GPIO_Init	48	static
../Core/Src/main.c:454:6:Error_Handler	4	static,ignoring_inline_asm
